[clinalpsud.fr/index1efe.html]
[backblue.gif]
[fade.gif]
[index.html]
[clinalpsud.fr/wp-content/themes/atahualpa/images/favicon/4-favicon.ico]
[clinalpsud.fr/xmlrpc.php]
[clinalpsud.fr/wp-includes/js/comment-replya6d7.js]
[clinalpsud.fr/wp-includes/js/jquery/jquery4735.js]
[clinalpsud.fr/wp-content/themes/atahualpa/js/DD_roundies8182.js]
[clinalpsud.fr/xmlrpc0db0.php]
[clinalpsud.fr/wp-includes/wlwmanifest.xml]
[clinalpsud.fr/comments/feed/index.html]
[clinalpsud.fr/wp-content/themes/atahualpa/images/comment-gray.png]
[clinalpsud.fr/about/feed/index.html]
[clinalpsud.fr/feed/index.html]
[clinalpsud.fr/wp-content/themes/atahualpa/images/logo.png]
[clinalpsud.fr/about/presentation/index.html]
[clinalpsud.fr/wp-content/themes/atahualpa/images/header/bandeau_01.jpg]
[clinalpsud.fr/index.html]
[clinalpsud.fr/wp-content/uploads/2012/12/ch_boyer_pdg-300x236.jpg]
[clinalpsud.fr/about/nous-contacter/index.html]
[clinalpsud.fr/about/emplois/index.html]
[clinalpsud.fr/wp-content/uploads/2012/12/06.jpg]
[clinalpsud.fr/index1efe.html]
[clinalpsud.fr/about/nos-ppartenaires/index.html]
[clinalpsud.fr/comments/feed/index.html]
[clinalpsud.fr/plans-dacces/index.html]
[clinalpsud.fr/votre-sejour/index.html]
[clinalpsud.fr/wp-content/uploads/2012/12/historique_polyclinique_gap.jpg]
[clinalpsud.fr/equipe-medicale/index.html]
[clinalpsud.fr/plateau-technique/index.html]
[clinalpsud.fr/wp-content/uploads/2012/12/03.jpg]
[clinalpsud.fr/about/presentation/index.html]
[clinalpsud.fr/plateau-technique/congres/index.html]
[clinalpsud.fr/index.html]
[clinalpsud.fr/demarche-qualite/index.html]
[clinalpsud.fr/about/nous-contacter/index.html]
[clinalpsud.fr/demarche-qualite/charte-du-patient/index.html]
[clinalpsud.fr/comite-commissions/index.html]
[clinalpsud.fr/comite-commissions/comite-hemovigilance/index.html]
[clinalpsud.fr/wp-content/uploads/2012/12/07.jpg]
[clinalpsud.fr/comite-commissions/infectiovigilance/index.html]
[clinalpsud.fr/about/emplois/index.html]
[clinalpsud.fr/comite-commissions/infectiovigilance/maladies-nosocomiales/index.html]
[clinalpsud.fr/wp-content/uploads/2012/12/alpine.jpg]
[clinalpsud.fr/comite-commissions/infectiovigilance/anti-infectieux/index.html]
[clinalpsud.fr/comite-commissions/c-l-u-d/index.html]
[clinalpsud.fr/wp-content/uploads/2012/12/adrea.jpg]
[clinalpsud.fr/about/nos-ppartenaires/index.html]
[clinalpsud.fr/hospitalisation-a-domicile/index.html]
[clinalpsud.fr/wp-content/uploads/2012/12/plan_acces.jpg]
[clinalpsud.fr/lhomme-en-mouvement/index.html]
[clinalpsud.fr/2013/02/index.html]
[clinalpsud.fr/wp-content/uploads/2012/12/plan_rdc.jpg]
[clinalpsud.fr/about/presentation/feed/index.html]
[clinalpsud.fr/about/nous-contacter/feed/index.html]
[clinalpsud.fr/wp-content/uploads/2012/12/plan_1etage.jpg]
[clinalpsud.fr/about/emplois/feed/index.html]
[clinalpsud.fr/wp-content/uploads/2012/12/plan_2etage.jpg]
[clinalpsud.fr/plans-dacces/index.html]
[clinalpsud.fr/about/nos-ppartenaires/feed/index.html]
[clinalpsud.fr/pdf/questionnaire_satisfaction_hospi.pdf]
[clinalpsud.fr/plans-dacces/feed/index.html]
[clinalpsud.fr/pdf/questionnaire_satisfaction_ambu.pdf]
[clinalpsud.fr/votre-sejour/feed/index.html]
[clinalpsud.fr/pdf/questionnaire_satisfaction_repas.pdf]
[clinalpsud.fr/votre-sejour/index.html]
[clinalpsud.fr/wp-content/uploads/2012/12/equipe_reanimation.jpg]
[clinalpsud.fr/wp-content/uploads/2012/12/equipe_angiologie.jpg]
[clinalpsud.fr/equipe-medicale/feed/index.html]
[clinalpsud.fr/wp-content/uploads/2012/12/equipe_cardiologie.jpg]
[clinalpsud.fr/wp-content/uploads/2012/12/equipe_esthetique.jpg]
[clinalpsud.fr/wp-content/uploads/2012/12/1_equipe_vasculaire.jpg]
[clinalpsud.fr/wp-content/uploads/2012/12/equipe_visceral.jpg]
[clinalpsud.fr/wp-content/uploads/2012/12/equipe_endoscopie.jpg]
[clinalpsud.fr/wp-content/uploads/2012/12/equipe_ophtalmo.jpg]
[clinalpsud.fr/wp-content/uploads/2012/12/equipe_oph_2.jpg]
[clinalpsud.fr/wp-content/uploads/2012/12/equipe_ortho.jpg]
[clinalpsud.fr/wp-content/uploads/2012/12/equipe_orl_apap.jpg]
[clinalpsud.fr/wp-content/uploads/2012/12/equipe_orl_lazure.jpg]
[clinalpsud.fr/wp-content/uploads/2012/12/equipe_urologie.jpg]
[clinalpsud.fr/equipe-medicale/index.html]
[clinalpsud.fr/wp-content/uploads/2012/12/img_pl_tech-300x172.jpg]
[clinalpsud.fr/plateau-technique/feed/index.html]
[clinalpsud.fr/wp-content/uploads/2012/12/bloc_01.jpg]
[clinalpsud.fr/plateau-technique/index.html]
[clinalpsud.fr/wp-content/uploads/2012/12/urologie-300x192.jpg]
[clinalpsud.fr/plateau-technique/congres/index.html]
[clinalpsud.fr/plateau-technique/congres/feed/index.html]
[clinalpsud.fr/pdf/5490_rac_synthetique_apres_ms_vd.pdf]
[clinalpsud.fr/pdf/clin_2011.pdf]
[clinalpsud.fr/demarche-qualite/feed/index.html]
[clinalpsud.fr/demarche-qualite/index.html]
[clinalpsud.fr/wp-content/uploads/2012/12/charte_patient_hospitalise.jpg]
[clinalpsud.fr/demarche-qualite/charte-du-patient/index.html]
[clinalpsud.fr/demarche-qualite/charte-du-patient/feed/index.html]
[clinalpsud.fr/comite-commissions/index.html]
[clinalpsud.fr/comite-commissions/feed/index.html]
[clinalpsud.fr/comite-commissions/comite-hemovigilance/index.html]
[clinalpsud.fr/comite-commissions/comite-hemovigilance/feed/index.html]
[clinalpsud.fr/wp-content/uploads/2012/12/cheklist_patient.jpg]
[clinalpsud.fr/pdf/preparation_pre_operatoire.pps]
[clinalpsud.fr/comite-commissions/infectiovigilance/feed/index.html]
[clinalpsud.fr/comite-commissions/infectiovigilance/index.html]
[clinalpsud.fr/pdf/signalement_infection_suite_hospi.pdf]
[clinalpsud.fr/comite-commissions/infectiovigilance/maladies-nosocomiales/index.html]
[clinalpsud.fr/comite-commissions/infectiovigilance/maladies-nosocomiales/feed/index.html]
[clinalpsud.fr/pdf/diaporama_clin.pps]
[clinalpsud.fr/comite-commissions/infectiovigilance/anti-infectieux/index.html]
[clinalpsud.fr/comite-commissions/infectiovigilance/anti-infectieux/feed/index.html]
[clinalpsud.fr/wp-content/uploads/2013/03/clud_douleur_per_operatoire.jpg]
[clinalpsud.fr/comite-commissions/c-l-u-d/index.html]
[clinalpsud.fr/comite-commissions/c-l-u-d/feed/index.html]
[clinalpsud.fr/wp-content/uploads/2012/12/logo_had_05.jpg]
[clinalpsud.fr/hospitalisation-a-domicile/feed/index.html]
[clinalpsud.fr/wp-content/uploads/2012/12/carte_had.jpg]
[clinalpsud.fr/hospitalisation-a-domicile/index.html]
[clinalpsud.fr/wp-content/uploads/2012/12/dr_ivan_prothoy.jpg]
[clinalpsud.fr/lhomme-en-mouvement/feed/index.html]
[clinalpsud.fr/losteochondrite-dissequante]
[clinalpsud.fr/pdf/dietinfo_1_lipides.pdf]
[clinalpsud.fr/traumatismes-de-la-course-a-pied-2/index.html]
[clinalpsud.fr/traumatismes-au-tennis/index.html]
[clinalpsud.fr/traumatismes-en-rugby/index.html]
[clinalpsud.fr/traumatismes-en-cyclisme/index.html]
[clinalpsud.fr/traumatismes-chez-le-golfeur/index.html]
[clinalpsud.fr/traumatismes-en-football/index.html]
[clinalpsud.fr/295/index.html]
[clinalpsud.fr/pdf/dietinfo_2_h2O.pdf]
[clinalpsud.fr/epidemiologie-du-ski-alpin/index.html]
[clinalpsud.fr/traitement-medical-et-reeducation-des-tendinophaties/index.html]
[clinalpsud.fr/les-fractures-de-fatigues/index.html]
[clinalpsud.fr/la-fibromyalgie/index.html]
[clinalpsud.fr/pdf/dietinfo_3_index_glycemique.pdf]
[clinalpsud.fr/le-surentrainement/index.html]
[clinalpsud.fr/pdf/dietinfo_4_petit_dejeuner.pdf]
[clinalpsud.fr/losteochondrite-dissequante/index.html]
[clinalpsud.fr/traitements-des-lombalgies/index.html]
[clinalpsud.fr/pdf/dietinfo_5_w3w6.pdf]
[clinalpsud.fr/pdf/dietinfo_6_complements.pdf]
[clinalpsud.fr/entorse-de-la-cheville/index.html]
[clinalpsud.fr/pdf/dietinfo_complements_infos.pdf]
[clinalpsud.fr/maladie-de-scheueurman/index.html]
[clinalpsud.fr/lhomme-en-mouvement/index.html]
[clinalpsud.fr/2013/02/index.html]
[clinalpsud.fr/douleur-de-jambe-le-cas-du-syndrome-de-loges/index.html]
[clinalpsud.fr/effet-de-la-cafeine-sur-lorganisme/index.html]
[clinalpsud.fr/risque-precoce-a-la-pose-dune-prothese/index.html]
[clinalpsud.fr/nutrition-du-sportif/index.html]
[clinalpsud.fr/risques-tardifs-a-la-pose-dune-prothese/index.html]
[clinalpsud.fr/reeducation-des-lesions-isolees-du-lca/index.html]
[clinalpsud.fr/la-visco-induction/index.html]
[clinalpsud.fr/pth-ptg-et-activite-physique/index.html]
[clinalpsud.fr/reprise-dactivite-physique-apres-un-lca/index.html]
[clinalpsud.fr/reeducation-de-la-scoliose/index.html]
[clinalpsud.fr/reeducation-de-lalgodystrophie/index.html]
[clinalpsud.fr/conseils-en-vue-dune-chirurgie-de-lepaule/index.html]
[clinalpsud.fr/la-posturologie/index.html]
[clinalpsud.fr/calcifications-de-lepaule/index.html]
[clinalpsud.fr/maladie-de-scheueurman-2/index.html]
[clinalpsud.fr/reeducation-des-tendinites/index.html]
[clinalpsud.fr/effet-benefique-de-lexercice-physisque-regulier/index.html]
[clinalpsud.fr/faut-il-encore-faire-des-assouplissements/index.html]
[clinalpsud.fr/certificat-medical-de-non-contre-indication-au-sport/index.html]
[clinalpsud.fr/mort-subite-du-sportif/index.html]
[clinalpsud.fr/dopage-et-prescription-de-medicaments/index.html]
[clinalpsud.fr/sport-et-deficit-en-fer/index.html]
[clinalpsud.fr/sport-et-grossesse/index.html]
[clinalpsud.fr/2013/01/index.html]
[clinalpsud.fr/2013/02/03/index.html]
[clinalpsud.fr/pdf/clin_2011.pdf]
[clinalpsud.fr/2013/02/04/index.html]
[clinalpsud.fr/pdf/preparation_pre_operatoire.pps]
[clinalpsud.fr/category/hommemouvement/index.html]
[clinalpsud.fr/pdf/diaporama_clin.pps]
[clinalpsud.fr/indexd728.html]
[clinalpsud.fr/traumatismes-de-la-course-a-pied-2/index.html]
[clinalpsud.fr/traumatismes-au-tennis/index.html]
[clinalpsud.fr/indexd89d.html]
[clinalpsud.fr/index67bc.html]
[clinalpsud.fr/traumatismes-en-rugby/index.html]
[clinalpsud.fr/traumatismes-en-cyclisme/index.html]
[clinalpsud.fr/index90dd.html]
[clinalpsud.fr/index7b2c.html]
[clinalpsud.fr/traumatismes-chez-le-golfeur/index.html]
[clinalpsud.fr/traumatismes-en-football/index.html]
[clinalpsud.fr/index5b31.html]
[clinalpsud.fr/index1422.html]
[clinalpsud.fr/295/index.html]
[clinalpsud.fr/index8a7d.html]
[clinalpsud.fr/epidemiologie-du-ski-alpin/index.html]
[clinalpsud.fr/indexef92.html]
[clinalpsud.fr/traitement-medical-et-reeducation-des-tendinophaties/index.html]
[clinalpsud.fr/index8c55.html]
[clinalpsud.fr/les-fractures-de-fatigues/index.html]
[clinalpsud.fr/la-fibromyalgie/index.html]
[clinalpsud.fr/le-surentrainement/index.html]
[clinalpsud.fr/index4ef8.html]
[clinalpsud.fr/indexeffc.html]
[clinalpsud.fr/index4bd3.html]
[clinalpsud.fr/losteochondrite-dissequante/index.html]
[clinalpsud.fr/index1639.html]
[clinalpsud.fr/traitements-des-lombalgies/index.html]
[clinalpsud.fr/indexd06c.html]
[clinalpsud.fr/entorse-de-la-cheville/index.html]
[clinalpsud.fr/indexf6a9.html]
[clinalpsud.fr/maladie-de-scheueurman/index.html]
[clinalpsud.fr/wp-content/uploads/2013/02/image1.jpg]
[clinalpsud.fr/wp-content/uploads/2013/02/image2.jpg]
[clinalpsud.fr/wp-content/uploads/2013/02/image-3.jpg]
[clinalpsud.fr/douleur-de-jambe-le-cas-du-syndrome-de-loges/index.html]
[clinalpsud.fr/effet-de-la-cafeine-sur-lorganisme/index.html]
[clinalpsud.fr/index4fd2.html]
[clinalpsud.fr/indexb247.html]
[clinalpsud.fr/index3e1b.html]
[clinalpsud.fr/nutrition-du-sportif/index.html]
[clinalpsud.fr/risque-precoce-a-la-pose-dune-prothese/index.html]
[clinalpsud.fr/risques-tardifs-a-la-pose-dune-prothese/index.html]
[clinalpsud.fr/index76f0.html]
[clinalpsud.fr/index18ee.html]
[clinalpsud.fr/index5ee4.html]
[clinalpsud.fr/reeducation-des-lesions-isolees-du-lca/index.html]
[clinalpsud.fr/la-visco-induction/index.html]
[clinalpsud.fr/pth-ptg-et-activite-physique/index.html]
[clinalpsud.fr/reprise-dactivite-physique-apres-un-lca/index.html]
[clinalpsud.fr/index3922.html]
[clinalpsud.fr/indexc3ba.html]
[clinalpsud.fr/index60bd.html]
[clinalpsud.fr/index3f97.html]
[clinalpsud.fr/reeducation-de-la-scoliose/index.html]
[clinalpsud.fr/index2023.html]
[clinalpsud.fr/reeducation-de-lalgodystrophie/index.html]
[clinalpsud.fr/indexc351.html]
[clinalpsud.fr/la-posturologie/index.html]
[clinalpsud.fr/indexa9ab.html]
[clinalpsud.fr/wp-includes/images/smilies/icon_cool.gif]
[clinalpsud.fr/conseils-en-vue-dune-chirurgie-de-lepaule/index.html]
[clinalpsud.fr/indexae62.html]
[clinalpsud.fr/calcifications-de-lepaule/index.html]
[clinalpsud.fr/maladie-de-scheueurman-2/index.html]
[clinalpsud.fr/reeducation-des-tendinites/index.html]
[clinalpsud.fr/effet-benefique-de-lexercice-physisque-regulier/index.html]
[clinalpsud.fr/index4efb.html]
[clinalpsud.fr/index5750.html]
[clinalpsud.fr/indexfef8.html]
[clinalpsud.fr/indexb351.html]
[clinalpsud.fr/faut-il-encore-faire-des-assouplissements/index.html]
[clinalpsud.fr/certificat-medical-de-non-contre-indication-au-sport/index.html]
[clinalpsud.fr/indexa942.html]
[clinalpsud.fr/mort-subite-du-sportif/index.html]
[clinalpsud.fr/dopage-et-prescription-de-medicaments/index.html]
[clinalpsud.fr/sport-et-deficit-en-fer/index.html]
[clinalpsud.fr/sport-et-grossesse/index.html]
[clinalpsud.fr/index88c3.html]
[clinalpsud.fr/2013/01/index.html]
[clinalpsud.fr/index6205.html]
[clinalpsud.fr/indexfcc0.html]
[clinalpsud.fr/2013/02/03/index.html]
[clinalpsud.fr/indexe0b1.html]
[clinalpsud.fr/2013/02/04/index.html]
[clinalpsud.fr/2013/01/16/index.html]
[clinalpsud.fr/category/hommemouvement/index.html]
[clinalpsud.fr/2013/01/20/index.html]
[clinalpsud.fr/2013/01/24/index.html]
[clinalpsud.fr/2013/01/page/2/index.html]
[clinalpsud.fr/pdf/clin_2011.pdf]
[clinalpsud.fr/category/hommemouvement/feed/index.html]
[clinalpsud.fr/pdf/preparation_pre_operatoire.pps]
[clinalpsud.fr/category/hommemouvement/page/2/index.html]
[clinalpsud.fr/pdf/diaporama_clin.pps]
[clinalpsud.fr/indexd728.html]
[clinalpsud.fr/indexd89d.html]
[clinalpsud.fr/index67bc.html]
[clinalpsud.fr/index90dd.html]
[clinalpsud.fr/index7b2c.html]
[clinalpsud.fr/index5b31.html]
[clinalpsud.fr/index1422.html]
[clinalpsud.fr/index8a7d.html]
[clinalpsud.fr/indexef92.html]
[clinalpsud.fr/index8c55.html]
[clinalpsud.fr/index4ef8.html]
[clinalpsud.fr/indexeffc.html]
[clinalpsud.fr/index4bd3.html]
[clinalpsud.fr/index1639.html]
[clinalpsud.fr/indexd06c.html]
[clinalpsud.fr/indexf6a9.html]
[clinalpsud.fr/index4fd2.html]
[clinalpsud.fr/indexb247.html]
[clinalpsud.fr/index3e1b.html]
[clinalpsud.fr/index76f0.html]
[clinalpsud.fr/index18ee.html]
[clinalpsud.fr/index5ee4.html]
[clinalpsud.fr/indexc3ba.html]
[clinalpsud.fr/index3922.html]
[clinalpsud.fr/index60bd.html]
[clinalpsud.fr/index3f97.html]
[clinalpsud.fr/index2023.html]
[clinalpsud.fr/indexc351.html]
[clinalpsud.fr/indexa9ab.html]
[clinalpsud.fr/indexae62.html]
[clinalpsud.fr/indexfef8.html]
[clinalpsud.fr/index4efb.html]
[clinalpsud.fr/index5750.html]
[clinalpsud.fr/indexb351.html]
[clinalpsud.fr/indexa942.html]
[clinalpsud.fr/index88c3.html]
[clinalpsud.fr/index6205.html]
[clinalpsud.fr/indexfcc0.html]
[clinalpsud.fr/indexe0b1.html]
[clinalpsud.fr/2013/01/16/index.html]
[clinalpsud.fr/2013/01/20/index.html]
[clinalpsud.fr/2013/01/24/index.html]
[clinalpsud.fr/2013/01/page/2/index.html]
[clinalpsud.fr/category/hommemouvement/page/2/index.html]
[clinalpsud.fr/2013/01/24/page/2/index.html]
[clinalpsud.fr/2013/01/20/page/2/index.html]
[clinalpsud.fr/2013/01/page/3/index.html]
[clinalpsud.fr/category/hommemouvement/page/3/index.html]
[clinalpsud.fr/2013/01/20/page/2/index.html]
[clinalpsud.fr/2013/01/24/page/2/index.html]
[clinalpsud.fr/2013/01/page/3/index.html]
[clinalpsud.fr/category/hommemouvement/page/3/index.html]
[www.clinalpsud.com/homme_mouvement/i/hom_epi_course_00.gif]
[www.clinalpsud.com/homme_mouvement/i/hom_epi_course_01.gif]
[www.clinalpsud.com/homme_mouvement/i/hom_epi_course_02.gif]
[www.clinalpsud.com/homme_mouvement/i/hom_epi_tennis_01.gif]
[www.clinalpsud.com/homme_mouvement/i/melee_effondree.jpg]
[www.clinalpsud.com/homme_mouvement/i/lesion_cervicale_01.jpg]
[www.clinalpsud.com/homme_mouvement/i/placage-haut.jpg]
[www.clinalpsud.com/homme_mouvement/i/hom_epi_velo_01.gif]
[www.clinalpsud.com/homme_mouvement/i/hom_epi_golf_tbl.gif]
[www.clinalpsud.com/homme_mouvement/i/hom_epi_golf_01.gif]
[www.clinalpsud.com/homme_mouvement/i/hom_epi_golf_02.gif]
[www.clinalpsud.com/homme_mouvement/i/hom_epi_golf_03.gif]
[www.clinalpsud.com/homme_mouvement/i/hom_epi_golf_04.gif]
[www.clinalpsud.com/homme_mouvement/i/hom_epi_foot_01.gif]
[www.clinalpsud.com/homme_mouvement/i/hom_epi_surf_01.gif]
[www.clinalpsud.com/homme_mouvement/i/hom_epi_surf_02.gif]
[www.clinalpsud.com/homme_mouvement/i/hom_epi_ski_02.gif]
[www.clinalpsud.com/homme_mouvement/i/hom_epi_ski_01.gif]
[www.clinalpsud.com/homme_mouvement/i/valgus-re.jpg]
[www.clinalpsud.com/homme_mouvement/i/translation-chaussure.jpg]
[www.clinalpsud.com/homme_mouvement/i/translation-chaussure-2.jpg]
[www.clinalpsud.com/homme_mouvement/i/pied-fantome.jpg]
[www.clinalpsud.com/homme_mouvement/i/test-fix-av.jpg]
[www.clinalpsud.com/homme_mouvement/i/test-fix-ar.jpg]
[www.clinalpsud.com/homme_mouvement/i/stanish.jpg]
[www.clinalpsud.com/homme_mouvement/i/fract fatigue1.jpg]
[www.clinalpsud.com/homme_mouvement/i/fract fatigue2.jpg]
[www.clinalpsud.com/homme_mouvement/i/fract fatigue3.jpg]
[www.clinalpsud.com/homme_mouvement/i/fract fatigue4.jpg]
[www.clinalpsud.com/homme_mouvement/i/points_fibromyalgie.jpg]
[www.clinalpsud.com/homme_mouvement/i/osteochondrite_1.jpg]
[www.clinalpsud.com/homme_mouvement/i/osteochondrite_2.jpg]
[www.clinalpsud.com/homme_mouvement/i/osteochondrite copie.jpg]
[www.clinalpsud.com/homme_mouvement/i/osteochonfrite rotule.jpg]
[www.clinalpsud.com/homme_mouvement/i/ceinture soutien.jpg]
[www.clinalpsud.com/homme_mouvement/i/stretching dos copie.jpg]
[www.clinalpsud.com/homme_mouvement/i/muscu abdo.jpg]
[www.clinalpsud.com/homme_mouvement/i/muscu dos copie.jpg]
[www.clinalpsud.com/homme_mouvement/i/ergonomie dos1 copie.jpg]
[www.clinalpsud.com/homme_mouvement/i/ergonomie dos2 copie.jpg]
[www.clinalpsud.com/homme_mouvement/i/ergonomie dos3 copie.jpg]
[www.clinalpsud.com/homme_mouvement/i/proprio dos copie.jpg]
[www.clinalpsud.com/homme_mouvement/i/shema dos ceinture.jpg]
[www.clinalpsud.com/homme_mouvement/i/entors_chevil_1.jpg]
[www.clinalpsud.com/homme_mouvement/i/entors_chevil_2.jpg]
[www.clinalpsud.com/homme_mouvement/i/entors_chevil_3.gif]
[www.clinalpsud.com/homme_mouvement/i/entors_chevil_4.jpg]
[www.clinalpsud.com/homme_mouvement/i/entors_chevil_5.jpg]
[www.clinalpsud.com/homme_mouvement/i/entors_chevil_6.jpg]
[www.clinalpsud.com/homme_mouvement/i/entors_chevil_ 7.jpg]
[www.clinalpsud.com/homme_mouvement/i/entors_chevil_8.gif]
[www.clinalpsud.com/i/mal_scheueurman_1.JPG]
[www.clinalpsud.com/i/mal_scheueurman_2.JPG]
[www.clinalpsud.com/homme_mouvement/i/pyramide alimentaire.jpg]
[www.clinalpsud.com/homme_mouvement/i/reeduc_lca_01.jpg]
[www.clinalpsud.com/homme_mouvement/i/reeduc_lca_02.jpg]
[www.clinalpsud.com/homme_mouvement/i/reeduc_lca_03.jpg]
[www.clinalpsud.com/homme_mouvement/i/reeduc_lca_04.jpg]
[www.clinalpsud.com/homme_mouvement/i/reeduc_lca_05.jpg]
[www.clinalpsud.com/homme_mouvement/i/reeduc_lca_06.jpg]
[www.clinalpsud.com/homme_mouvement/i/reeduc_lca_07.jpg]
[www.clinalpsud.com/homme_mouvement/i/reeduc_lca_08.jpg]
[www.clinalpsud.com/homme_mouvement/i/visco_induction_infiltration.jpg]
[www.clinalpsud.com/homme_mouvement/i/angle_cobb.jpg]
[www.clinalpsud.com/homme_mouvement/i/gibbosite.jpg]
[www.clinalpsud.com/homme_mouvement/i/gibbosite2.jpg]
[www.clinalpsud.com/homme_mouvement/i/algodistrophie_01.jpg]
[www.clinalpsud.com/homme_mouvement/i/algodistrophie_02.gif]
[www.clinalpsud.com/homme_mouvement/i/algodistrophie_03.jpg]
[www.clinalpsud.com/homme_mouvement/i/algodistrophie_04.gif]
[www.clinalpsud.com/homme_mouvement/i/posturo_1a.gif]
[www.clinalpsud.com/homme_mouvement/i/posturo_2.gif]
[www.clinalpsud.com/homme_mouvement/i/posturo_3.jpg]
[www.clinalpsud.com/homme_mouvement/i/posturo_6.jpg]
[www.clinalpsud.com/homme_mouvement/i/posturo_4.jpg]
[www.clinalpsud.com/homme_mouvement/i/posturo_5.jpg]
[www.clinalpsud.com/homme_mouvement/i/reduc_coif_ope_1a.gif]
[www.clinalpsud.com/homme_mouvement/i/reduc_coif_ope_2.a.gif]
[www.clinalpsud.com/homme_mouvement/i/reduc_coif_ope_3.a.gif]
[www.clinalpsud.com/homme_mouvement/i/reduc_coif_ope_4.a.gif]
[www.clinalpsud.com/homme_mouvement/i/reduc_coif_ope_5.a.gif]
[www.clinalpsud.com/homme_mouvement/i/reduc_coif_ope_6.a.gif]
[www.clinalpsud.com/homme_mouvement/i/reduc_coif_ope_7.a.gif]
[www.clinalpsud.com/homme_mouvement/i/reduc_coif_ope_7a.gif]
[www.clinalpsud.com/homme_mouvement/i/reduc_coif_ope_9.a.gif]
[www.clinalpsud.com/homme_mouvement/i/reduc_coif_ope_10.a.gif]
[www.clinalpsud.com/homme_mouvement/i/reduc_coif_ope_11.a.gif]
[www.clinalpsud.com/homme_mouvement/i/reduc_coif_ope_12.a.gif]
[www.clinalpsud.com/homme_mouvement/i/reduc_coif_ope_13.a.gif]
[www.clinalpsud.com/i/calcif_epaule_1.jpg]
[www.clinalpsud.com/i/calcif_epaule_2.JPG]
[www.clinalpsud.com/i/calcif_epaule_3.JPG]
[www.clinalpsud.com/homme_mouvement/i/etirement ij 1.jpg]
[www.clinalpsud.com/homme_mouvement/i/eirement ij 2.jpg]
[www.clinalpsud.com/homme_mouvement/i/mort_subit_sportif.jpg]
[clinalpsud.fr/2013/01/page/4/index.html]
[clinalpsud.fr/2013/01/page/4/index.html]
[clinalpsud.fr/category/hommemouvement/page/4/index.html]
[clinalpsud.fr/category/hommemouvement/page/4/index.html]
